// Jest Snapshot v1, https://goo.gl/fbAQLP

exports[`First Snapshot test 1`] = `
<div
  className="App"
>
  <div>
    <div
      className="content"
    >
      <div>
        <form
          onSubmit={[Function]}
        >
          <h3>
            User Registration
          </h3>
          <div
            className="panel panel-default"
          >
            
            
            
            
            
          </div>
          <div>
            <label
              htmlFor="firstName"
            >
              FirstName : 
              <input
                id="firstName"
                name="firstName"
                onChange={[Function]}
                placeholder="First Name"
                type="text"
                value=""
              />
            </label>
          </div>
          <div>
            <label
              htmlFor="lastName"
            >
              LastName :
              <input
                id="lastName"
                name="lastName"
                onChange={[Function]}
                placeholder="Last Name"
                type="text"
                value=""
              />
            </label>
          </div>
          <div>
            <label
              htmlFor="email"
            >
              Email address :
              <input
                id="email"
                name="email"
                onChange={[Function]}
                placeholder="Email"
                type="email"
                value=""
              />
            </label>
          </div>
          <div>
            <label
              htmlFor="password"
            >
              Password :
              <input
                id="password"
                name="password"
                onChange={[Function]}
                placeholder="Password"
                type="password"
                value=""
              />
            </label>
          </div>
          <div>
            <label
              htmlFor="gender"
            >
              Gender :
              <select
                className="select"
                defaultValue="Select Gender"
                id="gender"
                name="gender"
                onChange={[Function]}
              >
                <option
                  defaultValue={true}
                >
                  Select Gender
                </option>
                <option
                  value="male"
                >
                  Male
                </option>
                <option
                  value="female"
                >
                  Female
                </option>
              </select>
            </label>
          </div>
          <input
            disabled={true}
            type="submit"
            value="Submit"
          />
        </form>
      </div>
    </div>
  </div>
</div>
`;
